[2026-09-20T00:35:23Z] === ENRICH ITERATION 1 START | repo=yaml/pyyaml sha=03b28d0f ===
[2026-09-20T00:35:23Z] [iter=1] PHASE START: enrich repo=yaml/pyyaml sha=03b28d0f runlog=/home/runner/work/forx/forx/storage/aggregate/lsp/logs/03b28d0f-enrich-iter-001.log output=/home/runner/work/forx/forx/storage/aggregate/lsp/03b28d0fc787f60532bc16c6f494925ad8af2887.nq.gz
[2026-09-20T00:35:23Z] [iter=1] Step 1: Loading AST into disk-backed store mem_mb=78 MB
[2026-09-20T00:35:29Z] [iter=1] AST store loaded triples=707208 load_secs=6 mem_mb=772 MB
[2026-09-20T00:35:29Z] [iter=1] Step 2: Finding LSP targets mem_mb=772 MB
[2026-09-20T00:35:31Z] [iter=1] LSP targets found call_sites=5307 imports=0 extends=83 implements=0 secs=2
[2026-09-20T00:35:32Z] [iter=1] Step 2.7: Building position index (one-shot, shared across resolvers) mem_mb=772 MB
[2026-09-20T00:35:36Z] [iter=1] Position index built positions=48798 nodes_with_types=61855 secs=3 mem_mb=772 MB
[2026-09-20T00:35:36Z] [iter=1] Step 3: Starting LSP resolution mem_mb=772 MB already_completed_types=[] already_completed_files=0
[2026-09-20T00:35:36Z] [iter=1] Resolving target type target_type=call_site count=5307
[2026-09-20T00:36:30Z] [iter=1] HEARTBEAT target_type=call_site elapsed_min=1.1 files_done=2 resolved=77 errors=181 current=lib/yaml/scanner.py
[2026-09-20T00:37:20Z] [iter=1] HEARTBEAT target_type=call_site elapsed_min=2.0 files_done=3 resolved=153 errors=350 current=examples/yaml-highlight/yaml_hl.py
[2026-09-20T00:37:55Z] [iter=1] HEARTBEAT target_type=call_site elapsed_min=2.5 files_done=5 resolved=279 errors=457 current=tests/lib3/test_emitter.py
[2026-09-20T00:38:37Z] [iter=1] HEARTBEAT target_type=call_site elapsed_min=3.2 files_done=12 resolved=650 errors=586 current=tests/lib/test_yaml_ext.py
[2026-09-20T00:39:33Z] [iter=1] HEARTBEAT target_type=call_site elapsed_min=4.2 files_done=14 resolved=874 errors=776 current=lib3/yaml/serializer.py
[2026-09-20T00:40:30Z] [iter=1] HEARTBEAT target_type=call_site elapsed_min=5.1 files_done=16 resolved=1013 errors=975 current=lib/yaml/composer.py
[2026-09-20T00:41:06Z] [iter=1] HEARTBEAT target_type=call_site elapsed_min=5.7 files_done=18 resolved=1103 errors=1098 current=tests/lib3/canonical.py
[2026-09-20T00:41:44Z] [iter=1] HEARTBEAT target_type=call_site elapsed_min=6.4 files_done=24 resolved=1393 errors=1218 current=tests/lib3/test_yaml_ext.py
[2026-09-20T00:42:15Z] [iter=1] HEARTBEAT target_type=call_site elapsed_min=6.9 files_done=30 resolved=1556 errors=1320 current=lib3/yaml/dumper.py
[2026-09-20T00:42:56Z] [iter=1] HEARTBEAT target_type=call_site elapsed_min=7.5 files_done=38 resolved=1804 errors=1450 current=lib/yaml/resolver.py
[2026-09-20T00:43:45Z] [iter=1] HEARTBEAT target_type=call_site elapsed_min=8.4 files_done=48 resolved=2040 errors=1618 current=tests/lib/test_constructor.py
[2026-09-20T00:44:17Z] [iter=1] HEARTBEAT target_type=call_site elapsed_min=8.9 files_done=61 resolved=2278 errors=1721 current=lib/yaml/tokens.py
[2026-09-20T00:44:23Z] [iter=1] Target type resolved target_type=call_site resolved=2344 errors=1740 secs=527 mem_mb=772 MB
[2026-09-20T00:44:23Z] [iter=1] Resolving target type target_type=extends_clause count=83
[2026-09-20T00:44:24Z] [iter=1] Target type resolved target_type=extends_clause resolved=83 errors=0 secs=1 mem_mb=772 MB
[2026-09-20T00:44:28Z] [iter=1] Step 5: Writing final enrichment file triples=42370
[2026-09-20T00:44:29Z] [iter=1] Enrichment file written path=/home/runner/work/forx/forx/storage/aggregate/lsp/03b28d0fc787f60532bc16c6f494925ad8af2887.nq.gz size_kb=776
[2026-09-20T00:44:29Z] [iter=1] PHASE END: enrich elapsed_s=546 elapsed_min=9.1 total_triples=42370
