[2026-09-19T21:52:21Z] === ENRICH ITERATION 1 START | repo=yaml/pyyaml sha=066417ba ===
[2026-09-19T21:52:21Z] [iter=1] PHASE START: enrich repo=yaml/pyyaml sha=066417ba runlog=/home/runner/work/forx/forx/storage/aggregate/lsp/logs/066417ba-enrich-iter-001.log output=/home/runner/work/forx/forx/storage/aggregate/lsp/066417ba61f7caf9ffcf5f17be3854f1234c2b4a.nq.gz
[2026-09-19T21:52:21Z] [iter=1] Step 1: Loading AST into disk-backed store mem_mb=78 MB
[2026-09-19T21:52:27Z] [iter=1] AST store loaded triples=711679 load_secs=6 mem_mb=774 MB
[2026-09-19T21:52:27Z] [iter=1] Step 2: Finding LSP targets mem_mb=774 MB
[2026-09-19T21:52:29Z] [iter=1] LSP targets found call_sites=5373 imports=14 extends=86 implements=0 secs=2
[2026-09-19T21:52:31Z] [iter=1] Step 2.7: Building position index (one-shot, shared across resolvers) mem_mb=774 MB
[2026-09-19T21:52:35Z] [iter=1] Position index built positions=49086 nodes_with_types=62255 secs=4 mem_mb=774 MB
[2026-09-19T21:52:35Z] [iter=1] Step 3: Starting LSP resolution mem_mb=774 MB already_completed_types=[] already_completed_files=0
[2026-09-19T21:52:35Z] [iter=1] Resolving target type target_type=call_site count=5373
[2026-09-19T21:53:24Z] [iter=1] HEARTBEAT target_type=call_site elapsed_min=1.1 files_done=1 resolved=134 errors=159 current=lib3/yaml/constructor.py
[2026-09-19T21:54:00Z] [iter=1] HEARTBEAT target_type=call_site elapsed_min=1.7 files_done=2 resolved=222 errors=267 current=lib3/yaml/emitter.py
[2026-09-19T21:54:48Z] [iter=1] HEARTBEAT target_type=call_site elapsed_min=2.4 files_done=3 resolved=359 errors=426 current=tests/lib3/canonical.py
[2026-09-19T21:55:19Z] [iter=1] HEARTBEAT target_type=call_site elapsed_min=3.0 files_done=5 resolved=500 errors=535 current=lib/yaml/parser.py
[2026-09-19T21:56:20Z] [iter=1] HEARTBEAT target_type=call_site elapsed_min=4.0 files_done=10 resolved=726 errors=729 current=lib3/yaml/parser.py
[2026-09-19T21:57:14Z] [iter=1] HEARTBEAT target_type=call_site elapsed_min=4.9 files_done=11 resolved=727 errors=922 current=lib3/yaml/scanner.py
[2026-09-19T21:58:04Z] [iter=1] HEARTBEAT target_type=call_site elapsed_min=5.7 files_done=12 resolved=804 errors=1091 current=tests/lib3/test_appliance.py
[2026-09-19T21:58:39Z] [iter=1] HEARTBEAT target_type=call_site elapsed_min=6.3 files_done=17 resolved=972 errors=1206 current=lib/yaml/representer.py
[2026-09-19T21:59:54Z] [iter=1] HEARTBEAT target_type=call_site elapsed_min=7.6 files_done=20 resolved=1146 errors=1456 current=tests/lib/test_resolver.py
[2026-09-19T22:00:32Z] [iter=1] HEARTBEAT target_type=call_site elapsed_min=8.2 files_done=29 resolved=1584 errors=1574 current=tests/lib3/test_emitter.py
[2026-09-19T22:01:08Z] [iter=1] HEARTBEAT target_type=call_site elapsed_min=8.8 files_done=39 resolved=1854 errors=1676 current=lib3/yaml/resolver.py
[2026-09-19T22:01:38Z] [iter=1] HEARTBEAT target_type=call_site elapsed_min=9.3 files_done=47 resolved=2022 errors=1771 current=tests/lib/test_input_output.py
[2026-09-19T22:02:09Z] [iter=1] HEARTBEAT target_type=call_site elapsed_min=9.8 files_done=60 resolved=2273 errors=1867 current=lib3/yaml/events.py
[2026-09-19T22:02:32Z] [iter=1] Target type resolved target_type=call_site resolved=2330 errors=1948 secs=597 mem_mb=774 MB
[2026-09-19T22:02:32Z] [iter=1] Resolving target type target_type=import_statement count=14
[2026-09-19T22:02:33Z] [iter=1] Target type resolved target_type=import_statement resolved=14 errors=0 secs=1 mem_mb=774 MB
[2026-09-19T22:02:33Z] [iter=1] Resolving target type target_type=extends_clause count=86
[2026-09-19T22:02:35Z] [iter=1] Target type resolved target_type=extends_clause resolved=86 errors=0 secs=1 mem_mb=774 MB
[2026-09-19T22:02:39Z] [iter=1] Step 5: Writing final enrichment file triples=43221
[2026-09-19T22:02:39Z] [iter=1] Enrichment file written path=/home/runner/work/forx/forx/storage/aggregate/lsp/066417ba61f7caf9ffcf5f17be3854f1234c2b4a.nq.gz size_kb=793
[2026-09-19T22:02:39Z] [iter=1] PHASE END: enrich elapsed_s=619 elapsed_min=10.3 total_triples=43221
