[2026-09-19T13:56:24Z] === ENRICH ITERATION 1 START | repo=yaml/pyyaml sha=8424b586 ===
[2026-09-19T13:56:24Z] [iter=1] PHASE START: enrich repo=yaml/pyyaml sha=8424b586 runlog=/home/runner/work/forx/forx/storage/aggregate/lsp/logs/8424b586-enrich-iter-001.log output=/home/runner/work/forx/forx/storage/aggregate/lsp/8424b5861467d0e98391799b3db21530bf9eba97.nq.gz
[2026-09-19T13:56:24Z] [iter=1] Step 1: Loading AST into disk-backed store mem_mb=78 MB
[2026-09-19T13:56:30Z] [iter=1] AST store loaded triples=720505 load_secs=6 mem_mb=774 MB
[2026-09-19T13:56:30Z] [iter=1] Step 2: Finding LSP targets mem_mb=774 MB
[2026-09-19T13:56:32Z] [iter=1] LSP targets found call_sites=5434 imports=18 extends=104 implements=0 secs=2
[2026-09-19T13:56:34Z] [iter=1] Step 2.7: Building position index (one-shot, shared across resolvers) mem_mb=774 MB
[2026-09-19T13:56:38Z] [iter=1] Position index built positions=49775 nodes_with_types=63110 secs=4 mem_mb=774 MB
[2026-09-19T13:56:38Z] [iter=1] Step 3: Starting LSP resolution mem_mb=774 MB already_completed_types=[] already_completed_files=0
[2026-09-19T13:56:38Z] [iter=1] Resolving target type target_type=call_site count=5434
[2026-09-19T13:57:32Z] [iter=1] HEARTBEAT target_type=call_site elapsed_min=1.1 files_done=2 resolved=88 errors=173 current=examples/yaml-highlight/yaml_hl.py
[2026-09-19T13:58:09Z] [iter=1] HEARTBEAT target_type=call_site elapsed_min=1.8 files_done=4 resolved=210 errors=290 current=lib/yaml/constructor.py
[2026-09-19T13:58:45Z] [iter=1] HEARTBEAT target_type=call_site elapsed_min=2.3 files_done=5 resolved=311 errors=400 current=lib/yaml/representer.py
[2026-09-19T13:59:17Z] [iter=1] HEARTBEAT target_type=call_site elapsed_min=2.9 files_done=8 resolved=492 errors=505 current=tests/lib3/test_structure.py
[2026-09-19T14:00:33Z] [iter=1] HEARTBEAT target_type=call_site elapsed_min=4.2 files_done=12 resolved=841 errors=747 current=tests/lib/canonical.py
[2026-09-19T14:01:46Z] [iter=1] HEARTBEAT target_type=call_site elapsed_min=5.4 files_done=19 resolved=1179 errors=981 current=lib/yaml/resolver.py
[2026-09-19T14:03:25Z] [iter=1] HEARTBEAT target_type=call_site elapsed_min=7.0 files_done=25 resolved=1453 errors=1311 current=tests/lib/test_resolver.py
[2026-09-19T14:04:35Z] [iter=1] HEARTBEAT target_type=call_site elapsed_min=8.2 files_done=29 resolved=1588 errors=1555 current=tests/lib/test_constructor.py
[2026-09-19T14:05:28Z] [iter=1] HEARTBEAT target_type=call_site elapsed_min=9.1 files_done=34 resolved=1746 errors=1729 current=lib3/yaml/reader.py
[2026-09-19T14:05:59Z] [iter=1] HEARTBEAT target_type=call_site elapsed_min=9.6 files_done=41 resolved=1845 errors=1833 current=lib3/yaml/cyaml.py
[2026-09-19T14:06:34Z] [iter=1] HEARTBEAT target_type=call_site elapsed_min=10.2 files_done=47 resolved=2063 errors=1945 current=lib/yaml/loader.py
[2026-09-19T14:07:08Z] [iter=1] HEARTBEAT target_type=call_site elapsed_min=10.7 files_done=52 resolved=2087 errors=2056 current=tests/lib3/test_yaml.py
[2026-09-19T14:07:38Z] [iter=1] HEARTBEAT target_type=call_site elapsed_min=11.2 files_done=73 resolved=2268 errors=2158 current=lib3/yaml/events.py
[2026-09-19T14:07:39Z] [iter=1] Target type resolved target_type=call_site resolved=2273 errors=2159 secs=661 mem_mb=774 MB
[2026-09-19T14:07:39Z] [iter=1] Resolving target type target_type=import_statement count=18
[2026-09-19T14:07:40Z] [iter=1] Target type resolved target_type=import_statement resolved=18 errors=0 secs=1 mem_mb=774 MB
[2026-09-19T14:07:40Z] [iter=1] Resolving target type target_type=extends_clause count=104
[2026-09-19T14:07:42Z] [iter=1] Target type resolved target_type=extends_clause resolved=104 errors=0 secs=2 mem_mb=774 MB
[2026-09-19T14:07:46Z] [iter=1] Step 5: Writing final enrichment file triples=44118
[2026-09-19T14:07:47Z] [iter=1] Enrichment file written path=/home/runner/work/forx/forx/storage/aggregate/lsp/8424b5861467d0e98391799b3db21530bf9eba97.nq.gz size_kb=817
[2026-09-19T14:07:47Z] [iter=1] PHASE END: enrich elapsed_s=683 elapsed_min=11.4 total_triples=44118
