[2026-09-19T15:11:32Z] === ENRICH ITERATION 1 START | repo=yaml/pyyaml sha=8da04ac0 ===
[2026-09-19T15:11:32Z] [iter=1] PHASE START: enrich repo=yaml/pyyaml sha=8da04ac0 runlog=/home/runner/work/forx/forx/storage/aggregate/lsp/logs/8da04ac0-enrich-iter-001.log output=/home/runner/work/forx/forx/storage/aggregate/lsp/8da04ac09699b073da649c4c899172e2968c12c1.nq.gz
[2026-09-19T15:11:32Z] [iter=1] Step 1: Loading AST into disk-backed store mem_mb=78 MB
[2026-09-19T15:11:38Z] [iter=1] AST store loaded triples=720588 load_secs=6 mem_mb=774 MB
[2026-09-19T15:11:38Z] [iter=1] Step 2: Finding LSP targets mem_mb=774 MB
[2026-09-19T15:11:40Z] [iter=1] LSP targets found call_sites=5436 imports=18 extends=104 implements=0 secs=2
[2026-09-19T15:11:41Z] [iter=1] Step 2.7: Building position index (one-shot, shared across resolvers) mem_mb=774 MB
[2026-09-19T15:11:46Z] [iter=1] Position index built positions=49780 nodes_with_types=63117 secs=4 mem_mb=774 MB
[2026-09-19T15:11:46Z] [iter=1] Step 3: Starting LSP resolution mem_mb=774 MB already_completed_types=[] already_completed_files=0
[2026-09-19T15:11:46Z] [iter=1] Resolving target type target_type=call_site count=5436
[2026-09-19T15:12:44Z] [iter=1] HEARTBEAT target_type=call_site elapsed_min=1.2 files_done=2 resolved=221 errors=190 current=lib/yaml/constructor.py
[2026-09-19T15:13:20Z] [iter=1] HEARTBEAT target_type=call_site elapsed_min=1.8 files_done=3 resolved=322 errors=300 current=lib3/yaml/emitter.py
[2026-09-19T15:14:28Z] [iter=1] HEARTBEAT target_type=call_site elapsed_min=2.9 files_done=4 resolved=404 errors=544 current=tests/lib3/test_structure.py
[2026-09-19T15:15:43Z] [iter=1] HEARTBEAT target_type=call_site elapsed_min=4.2 files_done=7 resolved=613 errors=792 current=lib/yaml/scanner.py
[2026-09-19T15:16:32Z] [iter=1] HEARTBEAT target_type=call_site elapsed_min=5.0 files_done=8 resolved=689 errors=960 current=tests/lib3/test_errors.py
[2026-09-19T15:17:15Z] [iter=1] HEARTBEAT target_type=call_site elapsed_min=5.7 files_done=12 resolved=904 errors=1097 current=lib/yaml/parser.py
[2026-09-19T15:17:50Z] [iter=1] HEARTBEAT target_type=call_site elapsed_min=6.3 files_done=14 resolved=974 errors=1220 current=lib3/yaml/parser.py
[2026-09-19T15:18:44Z] [iter=1] HEARTBEAT target_type=call_site elapsed_min=7.2 files_done=15 resolved=975 errors=1413 current=lib/yaml/reader.py
[2026-09-19T15:19:29Z] [iter=1] HEARTBEAT target_type=call_site elapsed_min=7.9 files_done=22 resolved=1267 errors=1557 current=tests/lib3/test_appliance.py
[2026-09-19T15:20:01Z] [iter=1] HEARTBEAT target_type=call_site elapsed_min=8.5 files_done=26 resolved=1374 errors=1660 current=tests/lib/test_appliance.py
[2026-09-19T15:20:41Z] [iter=1] HEARTBEAT target_type=call_site elapsed_min=9.2 files_done=33 resolved=1778 errors=1777 current=lib/yaml/cyaml.py
[2026-09-19T15:21:13Z] [iter=1] HEARTBEAT target_type=call_site elapsed_min=9.7 files_done=41 resolved=1837 errors=1888 current=lib3/yaml/events.py
[2026-09-19T15:21:43Z] [iter=1] HEARTBEAT target_type=call_site elapsed_min=10.2 files_done=45 resolved=1941 errors=1990 current=tests/lib3/test_reader.py
[2026-09-19T15:22:16Z] [iter=1] HEARTBEAT target_type=call_site elapsed_min=10.7 files_done=58 resolved=2169 errors=2098 current=lib3/yaml/cyaml.py
[2026-09-19T15:22:35Z] [iter=1] Target type resolved target_type=call_site resolved=2280 errors=2159 secs=649 mem_mb=774 MB
[2026-09-19T15:22:35Z] [iter=1] Resolving target type target_type=import_statement count=18
[2026-09-19T15:22:36Z] [iter=1] Target type resolved target_type=import_statement resolved=18 errors=0 secs=1 mem_mb=774 MB
[2026-09-19T15:22:36Z] [iter=1] Resolving target type target_type=extends_clause count=104
[2026-09-19T15:22:38Z] [iter=1] Target type resolved target_type=extends_clause resolved=104 errors=0 secs=2 mem_mb=774 MB
[2026-09-19T15:22:42Z] [iter=1] Step 5: Writing final enrichment file triples=44165
[2026-09-19T15:22:43Z] [iter=1] Enrichment file written path=/home/runner/work/forx/forx/storage/aggregate/lsp/8da04ac09699b073da649c4c899172e2968c12c1.nq.gz size_kb=818
[2026-09-19T15:22:43Z] [iter=1] PHASE END: enrich elapsed_s=671 elapsed_min=11.2 total_triples=44165
