[2026-09-18T13:12:15Z] === ENRICH ITERATION 1 START | repo=yaml/pyyaml sha=c42fa3bf ===
[2026-09-18T13:12:15Z] [iter=1] PHASE START: enrich repo=yaml/pyyaml sha=c42fa3bf runlog=/home/runner/work/forx/forx/storage/aggregate/lsp/logs/c42fa3bf-enrich-iter-001.log output=/home/runner/work/forx/forx/storage/aggregate/lsp/c42fa3bff1eabdb64763bb1526d9ea1ccb708479.nq.gz
[2026-09-18T13:12:15Z] [iter=1] Step 1: Loading AST into disk-backed store mem_mb=78 MB
[2026-09-18T13:12:18Z] [iter=1] AST store loaded triples=392467 load_secs=3 mem_mb=595 MB
[2026-09-18T13:12:18Z] [iter=1] Step 2: Finding LSP targets mem_mb=595 MB
[2026-09-18T13:12:19Z] [iter=1] LSP targets found call_sites=2951 imports=145 extends=142 implements=0 secs=1
[2026-09-18T13:12:20Z] [iter=1] Step 2.7: Building position index (one-shot, shared across resolvers) mem_mb=595 MB
[2026-09-18T13:12:22Z] [iter=1] Position index built positions=27240 nodes_with_types=34507 secs=2 mem_mb=595 MB
[2026-09-18T13:12:22Z] [iter=1] Step 3: Starting LSP resolution mem_mb=595 MB already_completed_types=[] already_completed_files=0
[2026-09-18T13:12:22Z] [iter=1] Resolving target type target_type=call_site count=2951
[2026-09-18T13:13:35Z] [iter=1] HEARTBEAT target_type=call_site elapsed_min=1.3 files_done=1 resolved=18 errors=464 current=lib/yaml/emitter.py
[2026-09-18T13:14:15Z] [iter=1] HEARTBEAT target_type=call_site elapsed_min=2.0 files_done=2 resolved=100 errors=708 current=lib/yaml/constructor.py
[2026-09-18T13:14:53Z] [iter=1] HEARTBEAT target_type=call_site elapsed_min=2.6 files_done=4 resolved=220 errors=942 current=tests/lib/test_schema.py
[2026-09-18T13:15:27Z] [iter=1] HEARTBEAT target_type=call_site elapsed_min=3.2 files_done=11 resolved=574 errors=1141 current=examples/yaml-highlight/yaml_hl.py
[2026-09-18T13:16:01Z] [iter=1] HEARTBEAT target_type=call_site elapsed_min=3.8 files_done=13 resolved=585 errors=1363 current=lib/yaml/resolver.py
[2026-09-18T13:16:42Z] [iter=1] HEARTBEAT target_type=call_site elapsed_min=4.4 files_done=19 resolved=857 errors=1586 current=tests/lib/test_resolver.py
[2026-09-18T13:17:12Z] [iter=1] HEARTBEAT target_type=call_site elapsed_min=5.0 files_done=33 resolved=1020 errors=1777 current=tests/lib/test_mark.py
[2026-09-18T13:17:21Z] [iter=1] Target type resolved target_type=call_site resolved=1076 errors=1827 secs=299 mem_mb=595 MB
[2026-09-18T13:17:21Z] [iter=1] Resolving target type target_type=import_statement count=145
[2026-09-18T13:17:23Z] [iter=1] Target type resolved target_type=import_statement resolved=144 errors=0 secs=2 mem_mb=595 MB
[2026-09-18T13:17:23Z] [iter=1] Resolving target type target_type=extends_clause count=142
[2026-09-18T13:17:25Z] [iter=1] Target type resolved target_type=extends_clause resolved=142 errors=0 secs=2 mem_mb=595 MB
[2026-09-18T13:17:28Z] [iter=1] Step 5: Writing final enrichment file triples=26952
[2026-09-18T13:17:28Z] [iter=1] Enrichment file written path=/home/runner/work/forx/forx/storage/aggregate/lsp/c42fa3bff1eabdb64763bb1526d9ea1ccb708479.nq.gz size_kb=496
[2026-09-18T13:17:28Z] [iter=1] PHASE END: enrich elapsed_s=313 elapsed_min=5.2 total_triples=26952
