[2026-09-19T13:19:46Z] === ENRICH ITERATION 1 START | repo=yaml/pyyaml sha=f2092f48 ===
[2026-09-19T13:19:46Z] [iter=1] PHASE START: enrich repo=yaml/pyyaml sha=f2092f48 runlog=/home/runner/work/forx/forx/storage/aggregate/lsp/logs/f2092f48-enrich-iter-001.log output=/home/runner/work/forx/forx/storage/aggregate/lsp/f2092f4803a149b1feeee6558ab0a0088a8e577b.nq.gz
[2026-09-19T13:19:46Z] [iter=1] Step 1: Loading AST into disk-backed store mem_mb=78 MB
[2026-09-19T13:19:53Z] [iter=1] AST store loaded triples=720505 load_secs=6 mem_mb=774 MB
[2026-09-19T13:19:53Z] [iter=1] Step 2: Finding LSP targets mem_mb=774 MB
[2026-09-19T13:19:55Z] [iter=1] LSP targets found call_sites=5434 imports=18 extends=104 implements=0 secs=2
[2026-09-19T13:19:56Z] [iter=1] Step 2.7: Building position index (one-shot, shared across resolvers) mem_mb=774 MB
[2026-09-19T13:20:01Z] [iter=1] Position index built positions=49775 nodes_with_types=63110 secs=4 mem_mb=774 MB
[2026-09-19T13:20:01Z] [iter=1] Step 3: Starting LSP resolution mem_mb=774 MB already_completed_types=[] already_completed_files=0
[2026-09-19T13:20:01Z] [iter=1] Resolving target type target_type=call_site count=5434
[2026-09-19T13:20:51Z] [iter=1] HEARTBEAT target_type=call_site elapsed_min=1.1 files_done=2 resolved=101 errors=156 current=tests/lib3/test_input_output.py
[2026-09-19T13:21:59Z] [iter=1] HEARTBEAT target_type=call_site elapsed_min=2.2 files_done=5 resolved=309 errors=381 current=lib3/yaml/parser.py
[2026-09-19T13:22:53Z] [iter=1] HEARTBEAT target_type=call_site elapsed_min=3.1 files_done=6 resolved=310 errors=574 current=lib3/yaml/tokens.py
[2026-09-19T13:23:35Z] [iter=1] HEARTBEAT target_type=call_site elapsed_min=3.8 files_done=11 resolved=390 errors=719 current=tests/lib3/test_yaml_ext.py
[2026-09-19T13:24:07Z] [iter=1] HEARTBEAT target_type=call_site elapsed_min=4.3 files_done=15 resolved=652 errors=817 current=tests/lib3/test_resolver.py
[2026-09-19T13:25:20Z] [iter=1] HEARTBEAT target_type=call_site elapsed_min=5.6 files_done=23 resolved=1083 errors=1060 current=tests/lib/canonical.py
[2026-09-19T13:25:51Z] [iter=1] HEARTBEAT target_type=call_site elapsed_min=6.1 files_done=26 resolved=1259 errors=1154 current=lib/yaml/resolver.py
[2026-09-19T13:26:45Z] [iter=1] HEARTBEAT target_type=call_site elapsed_min=7.0 files_done=28 resolved=1375 errors=1335 current=tests/lib3/test_reader.py
[2026-09-19T13:27:40Z] [iter=1] HEARTBEAT target_type=call_site elapsed_min=7.9 files_done=33 resolved=1459 errors=1527 current=tests/lib/test_errors.py
[2026-09-19T13:28:16Z] [iter=1] HEARTBEAT target_type=call_site elapsed_min=8.5 files_done=35 resolved=1574 errors=1642 current=lib/yaml/parser.py
[2026-09-19T13:29:50Z] [iter=1] HEARTBEAT target_type=call_site elapsed_min=10.1 files_done=39 resolved=1700 errors=1973 current=examples/yaml-highlight/yaml_hl.py
[2026-09-19T13:30:20Z] [iter=1] HEARTBEAT target_type=call_site elapsed_min=10.6 files_done=47 resolved=2013 errors=2061 current=tests/lib/test_all.py
[2026-09-19T13:30:50Z] [iter=1] HEARTBEAT target_type=call_site elapsed_min=11.1 files_done=72 resolved=2269 errors=2155 current=lib/yaml/nodes.py
[2026-09-19T13:30:52Z] [iter=1] Target type resolved target_type=call_site resolved=2278 errors=2159 secs=651 mem_mb=774 MB
[2026-09-19T13:30:52Z] [iter=1] Resolving target type target_type=import_statement count=18
[2026-09-19T13:30:53Z] [iter=1] Target type resolved target_type=import_statement resolved=18 errors=0 secs=1 mem_mb=774 MB
[2026-09-19T13:30:53Z] [iter=1] Resolving target type target_type=extends_clause count=104
[2026-09-19T13:30:55Z] [iter=1] Target type resolved target_type=extends_clause resolved=104 errors=0 secs=2 mem_mb=774 MB
[2026-09-19T13:30:59Z] [iter=1] Step 5: Writing final enrichment file triples=44149
[2026-09-19T13:31:00Z] [iter=1] Enrichment file written path=/home/runner/work/forx/forx/storage/aggregate/lsp/f2092f4803a149b1feeee6558ab0a0088a8e577b.nq.gz size_kb=817
[2026-09-19T13:31:00Z] [iter=1] PHASE END: enrich elapsed_s=673 elapsed_min=11.2 total_triples=44149
