[2026-09-19T09:27:40Z] === ENRICH ITERATION 1 START | repo=yaml/pyyaml sha=f813bc00 ===
[2026-09-19T09:27:40Z] [iter=1] PHASE START: enrich repo=yaml/pyyaml sha=f813bc00 runlog=/home/runner/work/forx/forx/storage/aggregate/lsp/logs/f813bc00-enrich-iter-001.log output=/home/runner/work/forx/forx/storage/aggregate/lsp/f813bc00f5d0f6f42984edd89ca11f4b5245d5e7.nq.gz
[2026-09-19T09:27:40Z] [iter=1] Step 1: Loading AST into disk-backed store mem_mb=78 MB
[2026-09-19T09:27:46Z] [iter=1] AST store loaded triples=723794 load_secs=5 mem_mb=774 MB
[2026-09-19T09:27:46Z] [iter=1] Step 2: Finding LSP targets mem_mb=774 MB
[2026-09-19T09:27:48Z] [iter=1] LSP targets found call_sites=5465 imports=18 extends=104 implements=0 secs=2
[2026-09-19T09:27:49Z] [iter=1] Step 2.7: Building position index (one-shot, shared across resolvers) mem_mb=774 MB
[2026-09-19T09:27:54Z] [iter=1] Position index built positions=50017 nodes_with_types=63401 secs=4 mem_mb=774 MB
[2026-09-19T09:27:54Z] [iter=1] Step 3: Starting LSP resolution mem_mb=774 MB already_completed_types=[] already_completed_files=0
[2026-09-19T09:27:54Z] [iter=1] Resolving target type target_type=call_site count=5465
[2026-09-19T09:28:45Z] [iter=1] HEARTBEAT target_type=call_site elapsed_min=1.1 files_done=1 resolved=77 errors=168 current=lib/yaml/serializer.py
[2026-09-19T09:29:28Z] [iter=1] HEARTBEAT target_type=call_site elapsed_min=1.8 files_done=3 resolved=183 errors=302 current=lib3/yaml/representer.py
[2026-09-19T09:30:34Z] [iter=1] HEARTBEAT target_type=call_site elapsed_min=2.9 files_done=5 resolved=298 errors=526 current=tests/lib3/canonical.py
[2026-09-19T09:31:56Z] [iter=1] HEARTBEAT target_type=call_site elapsed_min=4.3 files_done=7 resolved=345 errors=817 current=lib3/yaml/composer.py
[2026-09-19T09:32:57Z] [iter=1] HEARTBEAT target_type=call_site elapsed_min=5.3 files_done=10 resolved=494 errors=1023 current=lib/yaml/parser.py
[2026-09-19T09:34:35Z] [iter=1] HEARTBEAT target_type=call_site elapsed_min=6.9 files_done=13 resolved=704 errors=1365 current=tests/lib3/test_constructor.py
[2026-09-19T09:35:10Z] [iter=1] HEARTBEAT target_type=call_site elapsed_min=7.5 files_done=18 resolved=901 errors=1484 current=tests/lib3/test_appliance.py
[2026-09-19T09:36:13Z] [iter=1] HEARTBEAT target_type=call_site elapsed_min=8.6 files_done=22 resolved=1102 errors=1684 current=tests/lib3/test_canonical.py
[2026-09-19T09:36:49Z] [iter=1] HEARTBEAT target_type=call_site elapsed_min=9.2 files_done=29 resolved=1477 errors=1792 current=tests/lib3/test_emitter.py
[2026-09-19T09:37:24Z] [iter=1] HEARTBEAT target_type=call_site elapsed_min=9.7 files_done=37 resolved=1759 errors=1898 current=lib3/yaml/cyaml.py
[2026-09-19T09:37:54Z] [iter=1] HEARTBEAT target_type=call_site elapsed_min=10.2 files_done=42 resolved=1899 errors=1990 current=tests/lib3/test_resolver.py
[2026-09-19T09:38:25Z] [iter=1] HEARTBEAT target_type=call_site elapsed_min=10.7 files_done=53 resolved=2154 errors=2084 current=lib/yaml/loader.py
[2026-09-19T09:38:52Z] [iter=1] Target type resolved target_type=call_site resolved=2283 errors=2175 secs=659 mem_mb=774 MB
[2026-09-19T09:38:52Z] [iter=1] Resolving target type target_type=import_statement count=18
[2026-09-19T09:38:53Z] [iter=1] Target type resolved target_type=import_statement resolved=18 errors=0 secs=1 mem_mb=774 MB
[2026-09-19T09:38:53Z] [iter=1] Resolving target type target_type=extends_clause count=104
[2026-09-19T09:38:55Z] [iter=1] Target type resolved target_type=extends_clause resolved=104 errors=0 secs=2 mem_mb=774 MB
[2026-09-19T09:38:59Z] [iter=1] Step 5: Writing final enrichment file triples=44297
[2026-09-19T09:39:00Z] [iter=1] Enrichment file written path=/home/runner/work/forx/forx/storage/aggregate/lsp/f813bc00f5d0f6f42984edd89ca11f4b5245d5e7.nq.gz size_kb=819
[2026-09-19T09:39:00Z] [iter=1] PHASE END: enrich elapsed_s=680 elapsed_min=11.3 total_triples=44297
